task: [included:default] echo "Hello, World!"
Hello, World!
