task: Failed to run task "executes_failing_task_as_cmd": task: precondition not met