task: Failed to run task "depends_on_impossible": task: Failed to run task "impossible": task: precondition not met