task: Failed to run task "impossible": task: precondition not met