task: Cyclic task call execution detected for task "A" (calling task "for-staggered-cyclic")