foofoo.txt
foofoo.txt
foo.txt
foofoo.txt
foo.txt
foo.txt
foofoo.txt
foo.txt
foo.txt
foo.txt
