task: Cyclic task call execution detected for task "B" (calling task "A")