task: Cyclic task call execution detected for task "cat-file" (calling task "sources-cyclic")