task: Cyclic task call execution detected for task "long-loop-cycle-B" (calling task "long-loop-cycle-A")