task: Cyclic task call execution detected for task "A" (calling task "deps-converge-cyclic")