task: Cyclic task call execution detected for task "loop-cycle" (calling task "loop-cycle")