task: Available tasks for this project:
* foo:       task description
