[bar] PING 1
[foo] PONG 1
[bar] PING 2
[foo] PONG 2
[bar] PING 3
[foo] PONG 3
[bar] PING 4
[foo] PONG 4
[bar] PING 5
[foo] PONG 5
[bar] PING 6
[foo] PONG 6
[bar] PING 7
[foo] PONG 7
[bar] PING 8
[foo] PONG 8
[bar] PING 9
[foo] PONG 9
[bar] PING 10
[foo] PONG 10
