PING 1
PONG 1
PING 2
PONG 2
PING 3
PONG 3
PING 4
PONG 4
PING 5
PONG 5
PING 6
PONG 6
PING 7
PONG 7
PING 8
PONG 8
PING 9
PONG 9
PING 10
PONG 10
