PING 1
PING 2
PING 3
PING 4
PING 5
PING 6
PING 7
PING 8
PING 9
PING 10
PONG 1
PONG 2
PONG 3
PONG 4
PONG 5
PONG 6
PONG 7
PONG 8
PONG 9
PONG 10
