{{.TEST_DIR}}/testdata/special_vars/included/Taskfile.yml
