task: Task "require-empty-string" cancelled because it is missing required variables: FOO