task: Task "require-empty-dynamic-var" cancelled because it is missing required variables: FOO