task: Task "require-empty-template" cancelled because it is missing required variables: FOO