task: Task "require-null" cancelled because it is missing required variables: FOO