included-task-call-task-vars
included-task-call-task-vars
