{
  "tasks": [
    {
      "name": "foobar",
      "task": "foo",
      "desc": "task description",
      "summary": "",
      "aliases": [],
      "up_to_date": false,
      "location": {
        "line": 4,
        "column": 3,
        "taskfile": "/home/rut6abt/git/oss/task/testdata/json_list_format/Taskfile.yml"
      }
    }
  ],
  "location": "/home/rut6abt/git/oss/task/testdata/json_list_format/Taskfile.yml"
}
