entrypoint-task-call-task-vars
entrypoint-task-call-task-vars
