task: Available tasks for this project:
* doo:       
* foo:       foo has desc and label
* voo:       
