windows/amd64
windows/arm64
linux/amd64
linux/arm64
darwin/amd64
darwin/arm64
