task: Failed to parse /testdata/for/cmds/Taskfile.yml:
matrix reference ".NOT_A_LIST" must resolve to a list