task: Task "instal" does not exist. Did you mean "install"?