task: No tasks with description available. Try --list-all to list all tasks
