matrix reference ".NOT_A_LIST" must resolve to a list
task: Failed to parse /testdata/for/deps/Taskfile.yml:
