entrypoint-global-dotenv
entrypoint-global-dotenv
