task: Missing schema version in Taskfile "/testdata/empty_taskfile/Taskfile.yml"