task: No Taskfile found at "/home/max/task/testdata/includes_empty_directory"