task: Found multiple tasks (foo, bar) that match "x"