entrypoint-task-call-vars
entrypoint-task-call-dotenv
