task: "gen-silent-baz" started
task: Task "gen-silent-baz" is up to date
