!
Dependence1
Dependence2
Hello
Olá, mundo!
Olá, mundo!
Welt!
World
¡Holla dependencia!
¡Holla mundo!
