Do you want to continue? [y/N]: task: [show-prompt] echo 'show-prompt'
show-prompt
