Do you want to continue? [assuming yes]
task: [foo] echo 'foo'
foo
