task: Failed to run task "foo": task: Task "foo" cancelled by user