Do you want to continue? [y/N]: task: [foo] echo 'foo'
foo
